// Jest Snapshot v1, https://goo.gl/fbAQLP

exports[`<Counter /> properly increments and decrements the counter 1`] = `
<DocumentFragment>
  <div>
    <button>
      -
    </button>
    <p>
      0
    </p>
    <button>
      +
    </button>
  </div>
</DocumentFragment>
`;
