// Jest Snapshot v1, https://goo.gl/fbAQLP

exports[`<Example> 1`] = `Object {}`;
